C:\Users\BRAYOL09\IdeaProjects\progetto_universitario\src\main\java\org\example\progetto_universitario\model\VoloAereo.java
C:\Users\BRAYOL09\IdeaProjects\progetto_universitario\src\main\java\org\example\progetto_universitario\exception\PostiEsauritiException.java
C:\Users\BRAYOL09\IdeaProjects\progetto_universitario\src\main\java\module-info.java
C:\Users\BRAYOL09\IdeaProjects\progetto_universitario\src\main\java\org\example\progetto_universitario\model\Prenotazione.java
C:\Users\BRAYOL09\IdeaProjects\progetto_universitario\src\main\java\org\example\progetto_universitario\model\TrattaViaggio.java
C:\Users\BRAYOL09\IdeaProjects\progetto_universitario\src\main\java\org\example\progetto_universitario\service\GestoreVoli.java
C:\Users\BRAYOL09\IdeaProjects\progetto_universitario\src\main\java\org\example\progetto_universitario\App.java
C:\Users\BRAYOL09\IdeaProjects\progetto_universitario\src\main\java\org\example\progetto_universitario\Launcher.java
C:\Users\BRAYOL09\IdeaProjects\progetto_universitario\src\main\java\org\example\progetto_universitario\MainController.java
